TAP version 13
# Subtest: Event future-grant SQLite control remains future under the January 2027 launch clock
ok 1 - Event future-grant SQLite control remains future under the January 2027 launch clock
  ---
  duration_ms: 7445.1687
  type: 'test'
  ...
# Subtest: Event clock guard rejects an empty selection despite a passing Node file wrapper
ok 2 - Event clock guard rejects an empty selection despite a passing Node file wrapper
  ---
  duration_ms: 4223.7183
  type: 'test'
  ...
# Subtest: Event clock guard rejects a different passing SQLite test
ok 3 - Event clock guard rejects a different passing SQLite test
  ---
  duration_ms: 3795.0407
  type: 'test'
  ...
1..3
# tests 3
# suites 0
# pass 3
# fail 0
# cancelled 0
# skipped 0
# todo 0
# duration_ms 15572.9558
