{
  "schema": "january-migration-rehearsal/1",
  "releaseSha": "cbf40af93907a07dde82f2e8036ce84a72a92d88",
  "environment": "test",
  "target": "disposable-local-file",
  "targetIdentitySha256": "044d4d5a4defd6edff5c010a671ab08471e842fae4526f16636b2ff0cec88614",
  "firstApply": "applied",
  "secondApply": "no-op",
  "state": "current",
  "appliedMigrations": [
    "0014_current_schema_baseline",
    "0015_notes_extract_exact_identity",
    "0016_tasks_archived_at",
    "0017_resources",
    "0018_notification_prefs_nudges",
    "0019_invites_and_workspace_events",
    "0020_user_preferences_theme_mode",
    "0021_tasks_seq",
    "0022_workspaces_description",
    "0023_retire_launch_scaffolding",
    "0024_retire_waiting_lane",
    "0025_tasks_completed_at",
    "0026_workspace_money",
    "0027_share_link_token_hash",
    "0028_project_drive",
    "0029_project_drive_operations",
    "0030_sponsored_use_intents",
    "0031_event_purchase_designations"
  ],
  "integrity": "ok",
  "foreignKeyViolations": 0,
  "productionVerified": false
}
