TAP version 13
# Subtest: annual price resolution cannot fall through to a monthly price
ok 1 - annual price resolution cannot fall through to a monthly price
  ---
  duration_ms: 1.2177
  type: 'test'
  ...
# Subtest: missing annual configuration fails before checkout and returns explicit 503
ok 2 - missing annual configuration fails before checkout and returns explicit 503
  ---
  duration_ms: 0.2624
  type: 'test'
  ...
# Subtest: billing actions cannot grant or expire paid access directly
ok 3 - billing actions cannot grant or expire paid access directly
  ---
  duration_ms: 2.4887
  type: 'test'
  ...
# Subtest: webhook dispatch and billing identity stay behind verified boundaries
ok 4 - webhook dispatch and billing identity stay behind verified boundaries
  ---
  duration_ms: 1.1016
  type: 'test'
  ...
# Subtest: an unscoped read of a governed table is a violation
ok 5 - an unscoped read of a governed table is a violation
  ---
  duration_ms: 2.1919
  type: 'test'
  ...
# Subtest: a join ON clause is not a tenant predicate
ok 6 - a join ON clause is not a tenant predicate
  ---
  duration_ms: 0.3071
  type: 'test'
  ...
# Subtest: scope in the projection does not count
ok 7 - scope in the projection does not count
  ---
  duration_ms: 0.1972
  type: 'test'
  ...
# Subtest: a weak token outside the predicate does not count
ok 8 - a weak token outside the predicate does not count
  ---
  duration_ms: 0.1825
  type: 'test'
  ...
# Subtest: a workspace predicate is accepted, and the evidence is named
ok 9 - a workspace predicate is accepted, and the evidence is named
  ---
  duration_ms: 0.2814
  type: 'test'
  ...
# Subtest: a strong token inside a join is accepted
ok 10 - a strong token inside a join is accepted
  ---
  duration_ms: 0.1728
  type: 'test'
  ...
# Subtest: a strong token inside a LEFT join is not accepted
ok 11 - a strong token inside a LEFT join is not accepted
  ---
  duration_ms: 0.2991
  type: 'test'
  ...
# Subtest: a left join does not swallow the predicate that follows it
ok 12 - a left join does not swallow the predicate that follows it
  ---
  duration_ms: 0.1807
  type: 'test'
  ...
# Subtest: the by-authorized-id model is accepted inside .where
ok 13 - the by-authorized-id model is accepted inside .where
  ---
  duration_ms: 0.4839
  type: 'test'
  ...
# Subtest: a token is matched as a substring, including in an identifier
ok 14 - a token is matched as a substring, including in an identifier
  ---
  duration_ms: 1.4238
  type: 'test'
  ...
# Subtest: an explicit written waiver is honoured, and only an explicit one
ok 15 - an explicit written waiver is honoured, and only an explicit one
  ---
  duration_ms: 0.5613
  type: 'test'
  ...
# Subtest: a semicolon inside a waiver comment cannot split it from its statement
ok 16 - a semicolon inside a waiver comment cannot split it from its statement
  ---
  duration_ms: 0.155
  type: 'test'
  ...
# Subtest: a non-read mention of a table name is not a governed read
ok 17 - a non-read mention of a table name is not a governed read
  ---
  duration_ms: 0.1329
  type: 'test'
  ...
# Subtest: an ungoverned table is not scanned
ok 18 - an ungoverned table is not scanned
  ---
  duration_ms: 0.1317
  type: 'test'
  ...
# Subtest: each surface governs its own tables under its own tenant key
ok 19 - each surface governs its own tables under its own tenant key
  ---
  duration_ms: 0.3351
  type: 'test'
  ...
# Subtest: no weak token has been promoted into the strong list
ok 20 - no weak token has been promoted into the strong list
  ---
  duration_ms: 0.1651
  type: 'test'
  ...
# Subtest: every strong token names a tenant or an authorised row key
ok 21 - every strong token names a tenant or an authorised row key
  ---
  duration_ms: 0.1668
  type: 'test'
  ...
# Subtest: a new tenant-keyed table that nobody governs is detected
ok 22 - a new tenant-keyed table that nobody governs is detected
  ---
  duration_ms: 0.6974
  type: 'test'
  ...
# Subtest: a governed table that no longer exists is detected
ok 23 - a governed table that no longer exists is detected
  ---
  duration_ms: 0.1689
  type: 'test'
  ...
# Subtest: a table with no tenant column is not demanded
ok 24 - a table with no tenant column is not demanded
  ---
  duration_ms: 0.7721
  type: 'test'
  ...
# Subtest: the schema parser finds tables at all
ok 25 - the schema parser finds tables at all
  ---
  duration_ms: 0.2672
  type: 'test'
  ...
1..25
# tests 25
# suites 0
# pass 25
# fail 0
# cancelled 0
# skipped 0
# todo 0
# duration_ms 136.2282
