_wrapped.html + 4 gate copies · 1127 KB each

── 8 · the three labs' own measured gates, against this file ──
  ✗ Tasks · audit.mjs  FAIL (1)
  ✗ Notes · notes-audit.mjs  FAIL (1)
  · Timeline · elevate audit.mjs (scoped to #tl)  PASS
    {"colors":0,"weights":0,"families":0,"contrast":0,"targets":0,"radii":6,"motion":0}
    {"colors":0,"weights":0,"families":0,"contrast":0,"targets":0,"radii":0,"motion":0,"sizes":10,"leading":10,"measure":0}
    {"colors":0,"weights":0,"families":0,"contrast":0,"targets":0,"radii":0,"motion":0,"ramp":0,"leading":0,"leadingLadder":0,"leadingRole":0,"tracking":0,"trackingLadder":0,"sizeLadder":0,"spaceLadder":0}
── not repointed, and why ──
  · Tasks  · scripts/design/interaction-check.mjs and verify-tasks.mjs drive the
             lab file by state through the CONSOLE's own harness (window.__signal
             plus the customizer shell). They can be pointed at the master, but
             the console does not exist here, so what they would grade is a
             different page. verify.mjs §3 and §4 drive the composed file
             directly instead, in the suite's own vocabulary.
  · Notes  · scripts/design/notes-interaction-check.mjs, same reason.
  · Timeline · interaction-check.mjs (845 assertions) is written against the lab
             master's ELEVEN states as separate page loads. In the suite the
             artifact is one product among three and ?state= reaches it, so this
             one is genuinely repointable — it is the largest single piece of
             outstanding verification and it is on BUILD-LIST.md, not done.

── noise across every page this gate opened ──
  · the composed file is silent  0 errors
  (the three lab masters reported 0: none)

════ the gate ════
  lab gates    1 pass    2 FAIL
  console      1 pass    0 fail

2 FAILING · 4 checks · shots in shots/ · gate.json written
