  paper-tasks.board--390x844.png
  paper-tasks.dense--390x844.png
  paper-notes.notebook--390x844.png
  paper-notes.seam--390x844.png
  paper-notes.voice--390x844.png
  paper-timeline.owner-flight--390x844.png
  paper-timeline.desk--390x844.png
  paper-timeline.phone--390x844.png
  paper-tasks.board--768x1024.png
  paper-tasks.dense--768x1024.png
  paper-notes.notebook--768x1024.png
  paper-notes.seam--768x1024.png
  paper-notes.voice--768x1024.png
  paper-timeline.owner-flight--768x1024.png
  paper-timeline.desk--768x1024.png
  paper-timeline.phone--768x1024.png
  paper-tasks.board--1280x900.png
  paper-tasks.dense--1280x900.png
  paper-notes.notebook--1280x900.png
  paper-notes.seam--1280x900.png
  paper-notes.voice--1280x900.png
  paper-timeline.owner-flight--1280x900.png
  paper-timeline.desk--1280x900.png
  paper-timeline.phone--1280x900.png
  paper-tasks.board--1440x960.png
  paper-tasks.dense--1440x960.png
  paper-notes.notebook--1440x960.png
  paper-notes.seam--1440x960.png
  paper-notes.voice--1440x960.png
  paper-timeline.owner-flight--1440x960.png
  paper-timeline.desk--1440x960.png
  paper-timeline.phone--1440x960.png
  paper-tasks.board--1920x1000.png
  paper-tasks.dense--1920x1000.png
  paper-notes.notebook--1920x1000.png
  paper-notes.seam--1920x1000.png
  paper-notes.voice--1920x1000.png
  paper-timeline.owner-flight--1920x1000.png
  paper-timeline.desk--1920x1000.png
  paper-timeline.phone--1920x1000.png
40 frames → C:\Users\ethan\signal-studio-workspace\_wt-master-suite\docs\design\labs\master-suite-2026-08\shots
