✔ missing canonical date stays blank with explicit fallback; old target is a separate non-editable historical value (1542.3983ms)
✔ earlier dates and unknown dates do not promise shorter access; recipients see their own term (2.3674ms)
✔ expired, revoked and another member's access have distinct truthful copy (3.3264ms)
✔ ordinary editors and archived projects have a read-only date with manager wording (3.0773ms)
✔ non-sponsored overview retains its existing generic target control (5.4967ms)
▶ normaliseWeddingDateMs
  ✔ reads a calendar day as UTC midnight (2.9534ms)
  ✔ floors an epoch to its UTC day (0.5448ms)
  ✔ refuses anything it cannot parse rather than defaulting to today (0.498ms)
  ✔ rejects a rolled-over date instead of accepting the roll (0.3242ms)
  ✔ round-trips through the label helper (0.3011ms)
✔ normaliseWeddingDateMs (8.9426ms)
▶ coupleAccessExpiryMs · the floor
  ✔ with no wedding date, runs exactly 548 days from redemption (0.4349ms)
  ✔ treats an unparseable wedding date as no wedding date, never as shorter (0.3126ms)
  ✔ never returns less than 548 days, whatever the wedding date says (0.5375ms)
  ✔ honours a minted duration LONGER than the floor (0.7672ms)
  ✔ ignores a minted duration SHORTER than the floor (0.4104ms)
✔ coupleAccessExpiryMs · the floor (3.1999ms)
▶ coupleAccessExpiryMs · the grace rule
  ✔ gives three months past the wedding when that is later (1.2342ms)
  ✔ THE R-015 SCENARIO: signs March 2027, marries September 2028, redeems on the day (0.7469ms)
  ✔ has no upper cap: a three-year lead gets three years plus the grace (0.2569ms)
  ✔ expressed as a mint-time duration, never dips below the floor (0.3011ms)
✔ coupleAccessExpiryMs · the grace rule (3.6376ms)
▶ extendedCoupleAccessExpiryMs · the term only ever moves later
  ✔ A WEDDING DATE ARRIVING AFTER REDEMPTION extends the term (2.8972ms)
  ✔ a postponement extends it again (0.3287ms)
  ✔ a correction that would pull the date EARLIER changes nothing (0.2005ms)
  ✔ clearing the date entirely changes nothing (0.1782ms)
  ✔ never introduces an end date on a row that has none (0.1563ms)
  ✔ is monotonic across a randomised sequence of date edits (4.558ms)
✔ extendedCoupleAccessExpiryMs · the term only ever moves later (8.8351ms)
▶ the flat multiply this replaces
  ✔ is provably a different answer, not a refactor (0.2556ms)
✔ the flat multiply this replaces (0.4189ms)
▶ couple-facing wording
  ✔ states the ratified term and carries no banned register (0.4325ms)
✔ couple-facing wording (0.5674ms)
▶ couple-facing copy states the ratified term
  ✔ carries no flat-year description of the term anywhere (0.6951ms)
  ✔ promises nothing unconditional (0.3976ms)
  ✔ states the whole rule where it states the rule at all (0.2608ms)
✔ couple-facing copy states the ratified term (1.5852ms)
▶ parity with studio/src/lib/venue-edition.ts
  ✔ answers identically on every case, or says why it could not check (303.6236ms)
  ℹ differential parity checked over 792 cases
✔ parity with studio/src/lib/venue-edition.ts (303.8871ms)
✔ the shared constants match the vectors (1.2142ms)
✔ wedding-date parsing matches the vectors (0.6847ms)
✔ expiry computation matches the vectors (0.3356ms)
✔ recompute matches the vectors (0.3247ms)
✔ date action gets the actual actor and carries only the explicit Project to the transaction (135.3761ms)
✔ preview makes no identity, store or cache call and does not claim a saved date (15.9942ms)
✔ a failed transaction is not reported as a successful save (16.3975ms)
✔ cache failure after commit retains the confirmed durable readback (16.3118ms)
✔ one venue claim includes access, 18 tasks, activities, receipt and project metadata (847.1622ms)
✔ failure at entitlements rolls back all writes and identical retry succeeds (797.6057ms)
✔ failure at activities rolls back all writes and identical retry succeeds (897.9777ms)
✔ failure at meta rolls back all writes and identical retry succeeds (767.9493ms)
✔ failure at workspaces rolls back all writes and identical retry succeeds (799.9064ms)
✔ response-loss retry preserves edits, original project and expiry despite a different active project (860.7865ms)
✔ removed, wrong-project and archived actors cannot claim or replay access (765.8802ms)
✔ expired code and revoked grant cannot create or revive access (738.0941ms)
✔ concurrent duplicate submissions on independent connections converge to one claim and starter (962.8114ms)
✔ an authorized unclaimed owner cannot redeem exhausted capacity (708.6957ms)
✔ a task editor cannot consume a venue code or replace shared Project setup (698.5279ms)
✔ account deletion intent blocks a new claim and an existing replay (1466.8936ms)
✔ project deletion intent blocks a new claim and an existing replay (1414.1897ms)
✔ real claim starts without a date; canonical save extends its grant, never imports the old generic target or retimes tasks (867.85ms)
✔ earlier, later, missing and identical dates preserve granted time and return durable readbacks (995.8805ms)
✔ unknown date keeps the 548-day floor; malformed dates reject without writes (778.7033ms)
✔ elapsed positive terms may extend under D-022; revoked grants stay revoked (1480.3531ms)
✔ an expired term remains expired when the new wedding date cannot extend it into the present (837.8288ms)
✔ co-manager can set the project date; own-account access readback does not claim another recipient's grant (734.8051ms)
✔ editor cannot change a date or any access (715.9781ms)
✔ outsider cannot change a date or any access (922.5629ms)
✔ wrong-project cannot change a date or any access (747.2415ms)
✔ missing-project cannot change a date or any access (724.0408ms)
✔ removed-manager cannot change a date or any access (756.8294ms)
✔ demoted-manager cannot change a date or any access (728.5161ms)
✔ archived cannot change a date or any access (727.2841ms)
✔ wrong-domain cannot change a date or any access (697.7446ms)
✔ project scope, grant provenance and recipient membership exclude independent and ineligible grants (558.9203ms)
✔ failure at workspaces rolls back date, revision and term; retry repairs all (828.0515ms)
✔ failure at entitlements rolls back date, revision and term; retry repairs all (541.5723ms)
✔ stale concurrent managers cannot silently overwrite a newer date (611.4503ms)
ℹ [{"status":"fulfilled","value":{"ok":true,"data":{"projectId":"a","weddingDate":"2029-06-01","revision":2,"canManage":true,"access":{"status":"active","expiresAt":"2029-08-30T00:00:00.000Z"}}}},{"status":"rejected","reason":{"code":"SQLITE_BUSY","extendedCode":"SQLITE_BUSY","rawCode":5,"name":"LibsqlError"}}]
✔ an ordinary stale revision refuses without a reconnect or writes (569.6495ms)
✔ actor deletion intent refuses a save (612.1775ms)
✔ owner deletion intent refuses a save (572.1349ms)
✔ project deletion intent refuses a save (589.4102ms)
ℹ tests 74
ℹ suites 8
ℹ pass 74
ℹ fail 0
ℹ cancelled 0
ℹ skipped 0
ℹ todo 0
ℹ duration_ms 19929.8911
