▶ normaliseWeddingDateMs
  ✔ reads a calendar day as UTC midnight (1.7373ms)
  ✔ floors an epoch to its UTC day (0.4053ms)
  ✔ refuses anything it cannot parse rather than defaulting to today (0.4368ms)
  ✔ rejects a rolled-over date instead of accepting the roll (0.2918ms)
  ✔ round-trips through the label helper (0.2877ms)
✔ normaliseWeddingDateMs (5.3517ms)
▶ coupleAccessExpiryMs · the floor
  ✔ with no wedding date, runs exactly 548 days from redemption (0.4257ms)
  ✔ treats an unparseable wedding date as no wedding date, never as shorter (0.2722ms)
  ✔ never returns less than 548 days, whatever the wedding date says (0.4496ms)
  ✔ honours a minted duration LONGER than the floor (0.3079ms)
  ✔ ignores a minted duration SHORTER than the floor (0.2871ms)
✔ coupleAccessExpiryMs · the floor (2.3403ms)
▶ coupleAccessExpiryMs · the grace rule
  ✔ gives three months past the wedding when that is later (0.3013ms)
  ✔ THE R-015 SCENARIO: signs March 2027, marries September 2028, redeems on the day (0.2468ms)
  ✔ has no upper cap: a three-year lead gets three years plus the grace (0.1557ms)
  ✔ expressed as a mint-time duration, never dips below the floor (0.2233ms)
✔ coupleAccessExpiryMs · the grace rule (1.15ms)
▶ extendedCoupleAccessExpiryMs · the term only ever moves later
  ✔ A WEDDING DATE ARRIVING AFTER REDEMPTION extends the term (0.2631ms)
  ✔ a postponement extends it again (0.1446ms)
  ✔ a correction that would pull the date EARLIER changes nothing (0.1276ms)
  ✔ clearing the date entirely changes nothing (0.1225ms)
  ✔ never introduces an end date on a row that has none (0.1086ms)
  ✔ is monotonic across a randomised sequence of date edits (3.4169ms)
✔ extendedCoupleAccessExpiryMs · the term only ever moves later (4.4619ms)
▶ the flat multiply this replaces
  ✔ is provably a different answer, not a refactor (0.1927ms)
✔ the flat multiply this replaces (0.2943ms)
▶ couple-facing wording
  ✔ states the ratified term and carries no banned register (0.551ms)
✔ couple-facing wording (0.6373ms)
▶ couple-facing copy states the ratified term
  ✔ carries no flat-year description of the term anywhere (0.4695ms)
  ✔ promises nothing unconditional (0.319ms)
  ✔ states the whole rule where it states the rule at all (0.2263ms)
✔ couple-facing copy states the ratified term (1.1791ms)
▶ parity with studio/src/lib/venue-edition.ts
  ✔ answers identically on every case, or says why it could not check (0.4515ms)
  ℹ SKIPPED: no studio checkout at C:\Users\ethan\signal-studio-workspace\worktrees\app\studio\src\lib\venue-edition.ts. Set STUDIO_REPO_PATH to run the differential check. The explicit vectors above still ran. This skip is refused when CI is set.
✔ parity with studio/src/lib/venue-edition.ts (0.6126ms)
✔ the shared constants match the vectors (1.517ms)
✔ wedding-date parsing matches the vectors (6.0137ms)
✔ expiry computation matches the vectors (0.4914ms)
✔ recompute matches the vectors (0.3917ms)
✔ one venue claim includes access, 18 tasks, activities, receipt and project metadata (984.8812ms)
✔ failure at entitlements rolls back all writes and identical retry succeeds (886.4206ms)
✔ failure at activities rolls back all writes and identical retry succeeds (805.6628ms)
✔ failure at meta rolls back all writes and identical retry succeeds (954.1477ms)
✔ failure at workspaces rolls back all writes and identical retry succeeds (930.4602ms)
✔ response-loss retry preserves edits, original project and expiry despite a different active project (1451.2461ms)
✔ removed, wrong-project and archived actors cannot claim or replay access (912.7536ms)
✔ expired code and revoked grant cannot create or revive access (913.2743ms)
✔ concurrent duplicate submissions on independent connections converge to one claim and starter (964.0821ms)
✔ an authorized unclaimed owner cannot redeem exhausted capacity (865.2074ms)
✔ a task editor cannot consume a venue code or replace shared Project setup (1056.2289ms)
✔ account deletion intent blocks a new claim and an existing replay (1668.1205ms)
✔ project deletion intent blocks a new claim and an existing replay (1540.8011ms)
✔ real claim starts without a date; canonical save extends its grant, never imports the old generic target or retimes tasks (1052.6078ms)
✔ earlier, later, missing and identical dates preserve granted time and return durable readbacks (827.8145ms)
✔ unknown date keeps the 548-day floor; malformed dates reject without writes (822.88ms)
✔ elapsed positive terms may extend under D-022; revoked grants stay revoked (1764.2081ms)
✔ an expired term remains expired when the new wedding date cannot extend it into the present (862.7115ms)
✔ co-manager can set the project date; own-account access readback does not claim another recipient's grant (789.4449ms)
✔ editor cannot change a date or any access (863.4975ms)
✔ outsider cannot change a date or any access (857.8524ms)
✔ wrong-project cannot change a date or any access (879.3365ms)
✔ missing-project cannot change a date or any access (864.529ms)
✔ removed-manager cannot change a date or any access (886.7039ms)
✔ demoted-manager cannot change a date or any access (1018.1784ms)
✔ archived cannot change a date or any access (816.456ms)
✔ wrong-domain cannot change a date or any access (785.6792ms)
✔ project scope, grant provenance and recipient membership exclude independent and ineligible grants (776.2671ms)
✔ failure at workspaces rolls back date, revision and term; retry repairs all (647.3512ms)
✔ failure at entitlements rolls back date, revision and term; retry repairs all (571.7707ms)
✖ stale concurrent managers cannot silently overwrite a newer date (549.6752ms)
✔ actor deletion intent refuses a save (757.4006ms)
✔ owner deletion intent refuses a save (537.3652ms)
✖ project deletion intent refuses a save (538.8392ms)
ℹ tests 64
ℹ suites 8
ℹ pass 62
ℹ fail 2
ℹ cancelled 0
ℹ skipped 0
ℹ todo 0
ℹ duration_ms 26998.5458

✖ failing tests:

test at src\server\db\sponsored-wedding-date.test.ts:2:11524
✖ stale concurrent managers cannot silently overwrite a newer date (549.6752ms)
  Error [LibsqlError]: SQLITE_BUSY: cannot commit transaction - SQL statements in progress
      at mapSqliteError (C:\Users\ethan\signal-studio-workspace\worktrees\app\feat-january-sponsored-wedding-date\node_modules\.pnpm\@libsql+client@0.17.3\node_modules\@libsql\client\lib-cjs\sqlite3.js:458:16)
      at executeStmt (C:\Users\ethan\signal-studio-workspace\worktrees\app\feat-january-sponsored-wedding-date\node_modules\.pnpm\@libsql+client@0.17.3\node_modules\@libsql\client\lib-cjs\sqlite3.js:361:15)
      at Sqlite3Transaction.commit (C:\Users\ethan\signal-studio-workspace\worktrees\app\feat-january-sponsored-wedding-date\node_modules\.pnpm\@libsql+client@0.17.3\node_modules\@libsql\client\lib-cjs\sqlite3.js:292:9)
      at LibSQLSession.transaction (C:\Users\ethan\signal-studio-workspace\worktrees\app\feat-january-sponsored-wedding-date\node_modules\.pnpm\drizzle-orm@0.45.2_@libsql+_a9da55d58c8edf3f3e8540c153fd5c7f\node_modules\src\libsql\session.ts:123:19)
      at async TestContext.<anonymous> (C:\Users\ethan\signal-studio-workspace\worktrees\app\feat-january-sponsored-wedding-date\src\server\db\sponsored-wedding-date.test.ts:177:22)
      at async Test.run (node:internal/test_runner/test:1389:7)
      at async Test.processPendingSubtests (node:internal/test_runner/test:960:7) {
    code: 'SQLITE_BUSY',
    extendedCode: 'SQLITE_BUSY',
    rawCode: 5,
    [cause]: { code: 'SQLITE_BUSY', rawCode: 5 }
  }

test at src\server\db\sponsored-wedding-date.test.ts:2:12513
✖ project deletion intent refuses a save (538.8392ms)
  Error [LibsqlError]: SQLITE_CONSTRAINT: CHECK constraint failed: project_drive_operations_dedupe_key_check
      at mapSqliteError (C:\Users\ethan\signal-studio-workspace\worktrees\app\feat-january-sponsored-wedding-date\node_modules\.pnpm\@libsql+client@0.17.3\node_modules\@libsql\client\lib-cjs\sqlite3.js:458:16)
      at executeStmt (C:\Users\ethan\signal-studio-workspace\worktrees\app\feat-january-sponsored-wedding-date\node_modules\.pnpm\@libsql+client@0.17.3\node_modules\@libsql\client\lib-cjs\sqlite3.js:361:15)
      at Sqlite3Client.execute (C:\Users\ethan\signal-studio-workspace\worktrees\app\feat-january-sponsored-wedding-date\node_modules\.pnpm\@libsql+client@0.17.3\node_modules\@libsql\client\lib-cjs\sqlite3.js:104:16)
      at TestContext.<anonymous> (C:\Users\ethan\signal-studio-workspace\worktrees\app\feat-january-sponsored-wedding-date\src\server\db\sponsored-wedding-date.test.ts:184:47)
      at async Test.run (node:internal/test_runner/test:1389:7)
      at async Test.processPendingSubtests (node:internal/test_runner/test:960:7) {
    code: 'SQLITE_CONSTRAINT',
    extendedCode: 'SQLITE_CONSTRAINT_CHECK',
    rawCode: 275,
    [cause]: { code: 'SQLITE_CONSTRAINT_CHECK', rawCode: 275 }
  }
