✔ missing canonical date stays blank with explicit fallback; old target is a separate non-editable historical value (297.3641ms)
✔ earlier dates and unknown dates do not promise shorter access; recipients see their own term (1.2473ms)
✔ expired, revoked and another member's access have distinct truthful copy (2.2687ms)
✔ ordinary editors and archived projects have a read-only date with manager wording (1.1939ms)
✔ non-sponsored overview retains its existing generic target control (4.6963ms)
▶ normaliseWeddingDateMs
  ✔ reads a calendar day as UTC midnight (3.7179ms)
  ✔ floors an epoch to its UTC day (0.8769ms)
  ✔ refuses anything it cannot parse rather than defaulting to today (0.422ms)
  ✔ rejects a rolled-over date instead of accepting the roll (0.2955ms)
  ✔ round-trips through the label helper (0.284ms)
✔ normaliseWeddingDateMs (7.9945ms)
▶ coupleAccessExpiryMs · the floor
  ✔ with no wedding date, runs exactly 548 days from redemption (0.4312ms)
  ✔ treats an unparseable wedding date as no wedding date, never as shorter (0.2346ms)
  ✔ never returns less than 548 days, whatever the wedding date says (0.4206ms)
  ✔ honours a minted duration LONGER than the floor (0.2685ms)
  ✔ ignores a minted duration SHORTER than the floor (0.2874ms)
✔ coupleAccessExpiryMs · the floor (2.2363ms)
▶ coupleAccessExpiryMs · the grace rule
  ✔ gives three months past the wedding when that is later (0.3906ms)
  ✔ THE R-015 SCENARIO: signs March 2027, marries September 2028, redeems on the day (1.8222ms)
  ✔ has no upper cap: a three-year lead gets three years plus the grace (0.2748ms)
  ✔ expressed as a mint-time duration, never dips below the floor (0.3453ms)
✔ coupleAccessExpiryMs · the grace rule (3.2093ms)
▶ extendedCoupleAccessExpiryMs · the term only ever moves later
  ✔ A WEDDING DATE ARRIVING AFTER REDEMPTION extends the term (0.376ms)
  ✔ a postponement extends it again (0.2226ms)
  ✔ a correction that would pull the date EARLIER changes nothing (0.166ms)
  ✔ clearing the date entirely changes nothing (0.1645ms)
  ✔ never introduces an end date on a row that has none (0.1372ms)
  ✔ is monotonic across a randomised sequence of date edits (7.1644ms)
✔ extendedCoupleAccessExpiryMs · the term only ever moves later (8.6321ms)
▶ the flat multiply this replaces
  ✔ is provably a different answer, not a refactor (0.2439ms)
✔ the flat multiply this replaces (0.4017ms)
▶ couple-facing wording
  ✔ states the ratified term and carries no banned register (0.5599ms)
✔ couple-facing wording (0.715ms)
▶ couple-facing copy states the ratified term
  ✔ carries no flat-year description of the term anywhere (1.237ms)
  ✔ promises nothing unconditional (0.5776ms)
  ✔ states the whole rule where it states the rule at all (0.3676ms)
✔ couple-facing copy states the ratified term (2.611ms)
▶ parity with studio/src/lib/venue-edition.ts
  ✔ answers identically on every case, or says why it could not check (19.973ms)
  ℹ differential parity checked over 792 cases
✔ parity with studio/src/lib/venue-edition.ts (20.2505ms)
✔ the shared constants match the vectors (2.58ms)
✔ wedding-date parsing matches the vectors (2.9045ms)
✔ expiry computation matches the vectors (0.7142ms)
✔ recompute matches the vectors (0.639ms)
✔ date action gets the actual actor and carries only the explicit Project to the transaction (90.224ms)
✔ preview makes no identity, store or cache call and does not claim a saved date (9.6517ms)
✔ a failed transaction is not reported as a successful save (11.581ms)
✔ cache failure after commit retains the confirmed durable readback (9.2182ms)
✔ one venue claim includes access, 18 tasks, activities, receipt and project metadata (715.9836ms)
✔ failure at entitlements rolls back all writes and identical retry succeeds (747.3978ms)
✔ failure at activities rolls back all writes and identical retry succeeds (741.4028ms)
✔ failure at meta rolls back all writes and identical retry succeeds (736.6753ms)
✔ failure at workspaces rolls back all writes and identical retry succeeds (773.7275ms)
✔ response-loss retry preserves edits, original project and expiry despite a different active project (728.9893ms)
✔ removed, wrong-project and archived actors cannot claim or replay access (754.099ms)
✔ expired code and revoked grant cannot create or revive access (790.4274ms)
✔ concurrent duplicate submissions on independent connections converge to one claim and starter (969.5601ms)
✔ an authorized unclaimed owner cannot redeem exhausted capacity (761.2038ms)
✔ a task editor cannot consume a venue code or replace shared Project setup (748.0929ms)
✔ account deletion intent blocks a new claim and an existing replay (1551.5689ms)
✔ project deletion intent blocks a new claim and an existing replay (1473.339ms)
✔ current effective-tier reader sees the repaired term in its Project; revocation and personal/other-Project access remain unchanged (827.7197ms)
✔ real claim starts without a date; canonical save extends its grant, never imports the old generic target or retimes tasks (765.2228ms)
✔ earlier, later, missing and identical dates preserve granted time and return durable readbacks (798.6316ms)
✔ unknown date keeps the 548-day floor; malformed dates reject without writes (779.8168ms)
✔ elapsed positive terms may extend under D-022; revoked grants stay revoked (1506.6291ms)
✔ an expired term remains expired when the new wedding date cannot extend it into the present (748.8962ms)
✔ co-manager can set the project date; own-account access readback does not claim another recipient's grant (815.0042ms)
✔ editor cannot change a date or any access (903.5726ms)
✔ outsider cannot change a date or any access (824.4393ms)
✔ wrong-project cannot change a date or any access (829.0768ms)
✔ missing-project cannot change a date or any access (783.7605ms)
✔ removed-manager cannot change a date or any access (774.7883ms)
✔ demoted-manager cannot change a date or any access (776.6349ms)
✔ archived cannot change a date or any access (609.5835ms)
✔ wrong-domain cannot change a date or any access (825.2729ms)
✔ project scope, grant provenance and recipient membership exclude independent and ineligible grants (646.7362ms)
✔ failure at workspaces rolls back date, revision and term; retry repairs all (591.5171ms)
✔ failure at entitlements rolls back date, revision and term; retry repairs all (586.7571ms)
✔ stale concurrent managers cannot silently overwrite a newer date (568.9274ms)
ℹ [{"status":"fulfilled","value":{"ok":true,"data":{"projectId":"a","weddingDate":"2029-06-01","revision":2,"canManage":true,"access":{"status":"active","expiresAt":"2029-08-30T00:00:00.000Z"}}}},{"status":"rejected","reason":{"code":"SQLITE_BUSY","extendedCode":"SQLITE_BUSY","rawCode":5,"name":"LibsqlError"}}]
✔ an ordinary stale revision refuses without a reconnect or writes (739.2098ms)
✔ actor deletion intent refuses a save (605.3654ms)
✔ owner deletion intent refuses a save (590.1681ms)
✔ project deletion intent refuses a save (587.0733ms)
ℹ tests 75
ℹ suites 8
ℹ pass 75
ℹ fail 0
ℹ cancelled 0
ℹ skipped 0
ℹ todo 0
ℹ duration_ms 20319.3573
