TAP version 13
# Subtest: actual Tasks strip and hydrated welcome: manager=true, date=null
ok 1 - actual Tasks strip and hydrated welcome: manager=true, date=null
  ---
  duration_ms: 49.2945
  type: 'test'
  ...
# Subtest: actual Tasks strip and hydrated welcome: manager=true, date=2029-06-01
ok 2 - actual Tasks strip and hydrated welcome: manager=true, date=2029-06-01
  ---
  duration_ms: 21.3682
  type: 'test'
  ...
# Subtest: actual Tasks strip and hydrated welcome: manager=false, date=null
ok 3 - actual Tasks strip and hydrated welcome: manager=false, date=null
  ---
  duration_ms: 20.613
  type: 'test'
  ...
# Subtest: actual Tasks strip and hydrated welcome: manager=false, date=2029-06-01
ok 4 - actual Tasks strip and hydrated welcome: manager=false, date=2029-06-01
  ---
  duration_ms: 17.5275
  type: 'test'
  ...
# Subtest: missing canonical date stays blank with explicit fallback; old target is a separate non-editable historical value
ok 5 - missing canonical date stays blank with explicit fallback; old target is a separate non-editable historical value
  ---
  duration_ms: 4432.1915
  type: 'test'
  ...
# Subtest: earlier dates and unknown dates do not promise shorter access; recipients see their own term
ok 6 - earlier dates and unknown dates do not promise shorter access; recipients see their own term
  ---
  duration_ms: 3.0129
  type: 'test'
  ...
# Subtest: expired, revoked and another member's access have distinct truthful copy
ok 7 - expired, revoked and another member's access have distinct truthful copy
  ---
  duration_ms: 3.8788
  type: 'test'
  ...
# Subtest: ordinary editors and archived projects have a read-only date with manager wording
ok 8 - ordinary editors and archived projects have a read-only date with manager wording
  ---
  duration_ms: 1.209
  type: 'test'
  ...
# Subtest: non-sponsored overview retains its existing generic target control
ok 9 - non-sponsored overview retains its existing generic target control
  ---
  duration_ms: 4.0585
  type: 'test'
  ...
1..9
# tests 9
# suites 0
# pass 9
# fail 0
# cancelled 0
# skipped 0
# todo 0
# duration_ms 5240.4084
