
C:\Users\ethan\signal-studio-workspace\worktrees\app\feat-january-final-journeys\experience\timeline-qa\timeline-visual-qa.spec.ts
  32:58  warning  'TimelineQaState' is defined but never used     @typescript-eslint/no-unused-vars
  33:38  warning  'TimelineQaViewport' is defined but never used  @typescript-eslint/no-unused-vars

C:\Users\ethan\signal-studio-workspace\worktrees\app\feat-january-final-journeys\scripts\db\timeline-inventory.test.mjs
  9:8  warning  'fs' is defined but never used  @typescript-eslint/no-unused-vars

C:\Users\ethan\signal-studio-workspace\worktrees\app\feat-january-final-journeys\scripts\design\build-report.mjs
  46:16  warning  'dataUri' is defined but never used  @typescript-eslint/no-unused-vars

C:\Users\ethan\signal-studio-workspace\worktrees\app\feat-january-final-journeys\scripts\design\interaction-check.mjs
  270:9  warning  'way' is assigned a value but never used  @typescript-eslint/no-unused-vars

C:\Users\ethan\signal-studio-workspace\worktrees\app\feat-january-final-journeys\src\components\app\detail-panel\field-rows.tsx
  344:9  warning  'nameFor' is assigned a value but never used  @typescript-eslint/no-unused-vars

C:\Users\ethan\signal-studio-workspace\worktrees\app\feat-january-final-journeys\src\components\hybrid\hybrid-workspace.tsx
  131:5  warning  React Hook useCallback has a missing dependency: 'setDensity'. Either include it or remove the dependency array  react-hooks/exhaustive-deps

C:\Users\ethan\signal-studio-workspace\worktrees\app\feat-january-final-journeys\src\components\hybrid\options\a\quiet-command-components.tsx
  29:9   warning  'restoreFocus' is assigned a value but never used  @typescript-eslint/no-unused-vars
  42:19  warning  'viaKeyboard' is defined but never used            @typescript-eslint/no-unused-vars

C:\Users\ethan\signal-studio-workspace\worktrees\app\feat-january-final-journeys\src\components\hybrid\options\hybrid\option-hybrid.tsx
    9:10  warning  'ViewTabs' is defined but never used                    @typescript-eslint/no-unused-vars
   10:10  warning  'Icon' is defined but never used                        @typescript-eslint/no-unused-vars
   12:10  warning  'WorkspaceBrief' is defined but never used              @typescript-eslint/no-unused-vars
   14:10  warning  'ActiveFilterChips' is defined but never used           @typescript-eslint/no-unused-vars
   14:29  warning  'ViewToolButtons' is defined but never used             @typescript-eslint/no-unused-vars
   14:46  warning  'ViewToolPanels' is defined but never used              @typescript-eslint/no-unused-vars
   15:10  warning  'ShortcutsDialog' is defined but never used             @typescript-eslint/no-unused-vars
   18:10  warning  'TASKS_VIEW_PATHS' is defined but never used            @typescript-eslint/no-unused-vars
   19:10  warning  'Hint' is defined but never used                        @typescript-eslint/no-unused-vars
   20:10  warning  'ShareButton' is defined but never used                 @typescript-eslint/no-unused-vars
   21:10  warning  'PageActionsOverflow' is defined but never used         @typescript-eslint/no-unused-vars
   28:8   warning  'briefStyles' is defined but never used                 @typescript-eslint/no-unused-vars
   46:7   warning  'BoardView' is assigned a value but never used          @typescript-eslint/no-unused-vars
  113:39  warning  'onRouteChange' is defined but never used               @typescript-eslint/no-unused-vars
  143:10  warning  'shortcutsOpen' is assigned a value but never used      @typescript-eslint/no-unused-vars
  161:10  warning  'toolPanel' is assigned a value but never used          @typescript-eslint/no-unused-vars
  162:9   warning  'toggleToolPanel' is assigned a value but never used    @typescript-eslint/no-unused-vars
  167:11  warning  'clearFilters' is assigned a value but never used       @typescript-eslint/no-unused-vars
  172:9   warning  'unscheduledCount' is assigned a value but never used   @typescript-eslint/no-unused-vars
  176:9   warning  'shareView' is assigned a value but never used          @typescript-eslint/no-unused-vars
  206:9   warning  'filteredToNothing' is assigned a value but never used  @typescript-eslint/no-unused-vars

C:\Users\ethan\signal-studio-workspace\worktrees\app\feat-january-final-journeys\src\components\welcome\welcome-picker.tsx
  6:8  warning  'Link' is defined but never used  @typescript-eslint/no-unused-vars

C:\Users\ethan\signal-studio-workspace\worktrees\app\feat-january-final-journeys\src\lib\account\instrumentation\event-schema.test.ts
  84:20  warning  '_drop' is assigned a value but never used  @typescript-eslint/no-unused-vars

C:\Users\ethan\signal-studio-workspace\worktrees\app\feat-january-final-journeys\src\lib\account\instrumentation\sink.ts
  23:26  warning  '_event' is defined but never used  @typescript-eslint/no-unused-vars

C:\Users\ethan\signal-studio-workspace\worktrees\app\feat-january-final-journeys\src\lib\exports.ts
  1:15  warning  'LaneId' is defined but never used  @typescript-eslint/no-unused-vars

C:\Users\ethan\signal-studio-workspace\worktrees\app\feat-january-final-journeys\src\modules\notes\app\page.tsx
  178:53  warning  Error: Cannot call impure function during render

`Date.now` is an impure function. Calling an impure function can produce unstable results that update unpredictably when the component happens to re-render. (https://react.dev/reference/rules/components-and-hooks-must-be-pure#components-and-hooks-must-be-idempotent).

C:\Users\ethan\signal-studio-workspace\worktrees\app\feat-january-final-journeys\src\modules\notes\app\page.tsx:178:53
  176 |     // Capture once on the server so SSR and hydration share the same relative
  177 |     // time boundary even when a note is exactly one minute/hour/day old.
> 178 |     referenceTime: demoMode ? DEMO_REFERENCE_TIME : Date.now(),
      |                                                     ^^^^^^^^^^ Cannot call impure function
  179 |     // Browser recovery contains private writing. Namespace it with a stable,
  180 |     // opaque account scope so signing out and into another account in the
  181 |     // same tab can never adopt the previous creator's draft or queue  react-hooks/purity

C:\Users\ethan\signal-studio-workspace\worktrees\app\feat-january-final-journeys\src\modules\signal\lib\analytics\url-state.ts
  4:3  warning  'LabelId' is defined but never used  @typescript-eslint/no-unused-vars

C:\Users\ethan\signal-studio-workspace\worktrees\app\feat-january-final-journeys\src\modules\signal\signal-public-url-contract.test.ts
  3:37  warning  'statSync' is defined but never used  @typescript-eslint/no-unused-vars

C:\Users\ethan\signal-studio-workspace\worktrees\app\feat-january-final-journeys\src\modules\timeline\server\actions\timeline-revalidation-contracts.ts
  48:42  warning  '_workspaceSlug' is defined but never used  @typescript-eslint/no-unused-vars

C:\Users\ethan\signal-studio-workspace\worktrees\app\feat-january-final-journeys\src\server\account-unified-erasure.test.ts
   98:24  warning  '_id' is defined but never used      @typescript-eslint/no-unused-vars
  100:27  warning  '_id' is defined but never used      @typescript-eslint/no-unused-vars
  101:25  warning  '_id' is defined but never used      @typescript-eslint/no-unused-vars
  151:26  warning  '_id' is defined but never used      @typescript-eslint/no-unused-vars
  155:29  warning  '_id' is defined but never used      @typescript-eslint/no-unused-vars
  156:27  warning  '_id' is defined but never used      @typescript-eslint/no-unused-vars
  240:26  warning  '_id' is defined but never used      @typescript-eslint/no-unused-vars
  248:29  warning  '_id' is defined but never used      @typescript-eslint/no-unused-vars
  255:27  warning  '_id' is defined but never used      @typescript-eslint/no-unused-vars
  259:28  warning  '_tokens' is defined but never used  @typescript-eslint/no-unused-vars
  294:20  warning  '_id' is defined but never used      @typescript-eslint/no-unused-vars
  298:29  warning  '_id' is defined but never used      @typescript-eslint/no-unused-vars
  302:27  warning  '_id' is defined but never used      @typescript-eslint/no-unused-vars
  310:28  warning  '_tokens' is defined but never used  @typescript-eslint/no-unused-vars
  362:26  warning  '_id' is defined but never used      @typescript-eslint/no-unused-vars
  367:29  warning  '_id' is defined but never used      @typescript-eslint/no-unused-vars
  368:27  warning  '_id' is defined but never used      @typescript-eslint/no-unused-vars
  403:26  warning  '_id' is defined but never used      @typescript-eslint/no-unused-vars
  407:29  warning  '_id' is defined but never used      @typescript-eslint/no-unused-vars
  411:27  warning  '_id' is defined but never used      @typescript-eslint/no-unused-vars

C:\Users\ethan\signal-studio-workspace\worktrees\app\feat-january-final-journeys\src\server\account-unified-export.test.ts
   65:23  warning  '_id' is defined but never used  @typescript-eslint/no-unused-vars
   66:26  warning  '_id' is defined but never used  @typescript-eslint/no-unused-vars
   67:24  warning  '_id' is defined but never used  @typescript-eslint/no-unused-vars
  166:27  warning  '_id' is defined but never used  @typescript-eslint/no-unused-vars
  170:30  warning  '_id' is defined but never used  @typescript-eslint/no-unused-vars
  171:28  warning  '_id' is defined but never used  @typescript-eslint/no-unused-vars
  189:27  warning  '_id' is defined but never used  @typescript-eslint/no-unused-vars
  190:30  warning  '_id' is defined but never used  @typescript-eslint/no-unused-vars
  193:28  warning  '_id' is defined but never used  @typescript-eslint/no-unused-vars
  227:27  warning  '_id' is defined but never used  @typescript-eslint/no-unused-vars
  228:30  warning  '_id' is defined but never used  @typescript-eslint/no-unused-vars
  229:28  warning  '_id' is defined but never used  @typescript-eslint/no-unused-vars

C:\Users\ethan\signal-studio-workspace\worktrees\app\feat-january-final-journeys\src\server\db\queries.ts
  20:3  warning  'shareLinks' is defined but never used  @typescript-eslint/no-unused-vars

✖ 71 problems (0 errors, 71 warnings)

